PS C:\Users\yasht\Desktop\python\lisance plate detection> pip3 install torch torchvision torchaudio --index-url https://download.pytorch.org/whl/cu121
Looking in indexes: https://download.pytorch.org/whl/cu121
Collecting torch
  Downloading https://download.pytorch.org/whl/cu121/torch-2.3.1%2Bcu121-cp312-cp312-win_amd64.whl (2423.5 MB)
     ━━━━━━━━━━━━━━━━━━━━━━━━━━━━━━━━━━━━━━━━ 2.4/2.4 GB 1.7 MB/s eta 0:00:00
Collecting torchvision
  Downloading https://download.pytorch.org/whl/cu121/torchvision-0.18.1%2Bcu121-cp312-cp312-win_amd64.whl (5.7 MB)
     ━━━━━━━━━━━━━━━━━━━━━━━━━━━━━━━━━━━━━━━━ 5.7/5.7 MB 10.1 MB/s eta 0:00:00
Collecting torchaudio
  Downloading https://download.pytorch.org/whl/cu121/torchaudio-2.3.1%2Bcu121-cp312-cp312-win_amd64.whl (4.1 MB)
     ━━━━━━━━━━━━━━━━━━━━━━━━━━━━━━━━━━━━━━━━ 4.1/4.1 MB 13.6 MB/s eta 0:00:00
Collecting filelock (from torch)
  Downloading https://download.pytorch.org/whl/filelock-3.13.1-py3-none-any.whl (11 kB)
Collecting typing-extensions>=4.8.0 (from torch)
  Downloading https://download.pytorch.org/whl/typing_extensions-4.9.0-py3-none-any.whl (32 kB)
Collecting sympy (from torch)
  Downloading https://download.pytorch.org/whl/sympy-1.12-py3-none-any.whl (5.7 MB)
     ━━━━━━━━━━━━━━━━━━━━━━━━━━━━━━━━━━━━━━━━ 5.7/5.7 MB 15.9 MB/s eta 0:00:00
Collecting networkx (from torch)
  Downloading https://download.pytorch.org/whl/networkx-3.2.1-py3-none-any.whl (1.6 MB)
     ━━━━━━━━━━━━━━━━━━━━━━━━━━━━━━━━━━━━━━━━ 1.6/1.6 MB 15.0 MB/s eta 0:00:00
Collecting jinja2 (from torch)
     ━━━━━━━━━━━━━━━━━━━━━━━━━━━━━━━━━━━━━━━━ 133.2/133.2 kB 7.7 MB/s eta 0:00:00
     ━━━━━━━━━━━━━━━━━━━━━━━━━━━━━━━━━━━━━━━━ 133.2/133.2 kB 7.7 MB/s eta 0:00:00
Collecting fsspec (from torch)
  Downloading https://download.pytorch.org/whl/fsspec-2024.2.0-py3-none-any.whl (170 kB)
     ━━━━━━━━━━━━━━━━━━━━━━━━━━━━━━━━━━━━━━━━ 170.9/170.9 kB 5.2 MB/s eta 0:00:00
Collecting mkl<=2021.4.0,>=2021.1.1 (from torch)
  Downloading https://download.pytorch.org/whl/mkl-2021.4.0-py2.py3-none-win_amd64.whl (228.5 MB)
     ━━━━━━━━━━━━━━━━━━━━━━━━━━━━━━━━━━━━━━━━ 228.5/228.5 MB 11.5 MB/s eta 0:00:00
Collecting fsspec (from torch)
  Downloading https://download.pytorch.org/whl/fsspec-2024.2.0-py3-none-any.whl (170 kB)
     ━━━━━━━━━━━━━━━━━━━━━━━━━━━━━━━━━━━━━━━━ 170.9/170.9 kB 5.2 MB/s eta 0:00:00
Collecting mkl<=2021.4.0,>=2021.1.1 (from torch)
  Downloading https://download.pytorch.org/whl/mkl-2021.4.0-py2.py3-none-win_amd64.whl (228.5 MB)
     ━━━━━━━━━━━━━━━━━━━━━━━━━━━━━━━━━━━━━━━━ 228.5/228.5 MB 11.5 MB/s eta 0:00:00
  Downloading https://download.pytorch.org/whl/fsspec-2024.2.0-py3-none-any.whl (170 kB)
     ━━━━━━━━━━━━━━━━━━━━━━━━━━━━━━━━━━━━━━━━ 170.9/170.9 kB 5.2 MB/s eta 0:00:00
Collecting mkl<=2021.4.0,>=2021.1.1 (from torch)
  Downloading https://download.pytorch.org/whl/mkl-2021.4.0-py2.py3-none-win_amd64.whl (228.5 MB)
     ━━━━━━━━━━━━━━━━━━━━━━━━━━━━━━━━━━━━━━━━ 228.5/228.5 MB 11.5 MB/s eta 0:00:00
     ━━━━━━━━━━━━━━━━━━━━━━━━━━━━━━━━━━━━━━━━ 170.9/170.9 kB 5.2 MB/s eta 0:00:00
Collecting mkl<=2021.4.0,>=2021.1.1 (from torch)
  Downloading https://download.pytorch.org/whl/mkl-2021.4.0-py2.py3-none-win_amd64.whl (228.5 MB)
     ━━━━━━━━━━━━━━━━━━━━━━━━━━━━━━━━━━━━━━━━ 228.5/228.5 MB 11.5 MB/s eta 0:00:00
Collecting mkl<=2021.4.0,>=2021.1.1 (from torch)
  Downloading https://download.pytorch.org/whl/mkl-2021.4.0-py2.py3-none-win_amd64.whl (228.5 MB)
     ━━━━━━━━━━━━━━━━━━━━━━━━━━━━━━━━━━━━━━━━ 228.5/228.5 MB 11.5 MB/s eta 0:00:00
  Downloading https://download.pytorch.org/whl/mkl-2021.4.0-py2.py3-none-win_amd64.whl (228.5 MB)
     ━━━━━━━━━━━━━━━━━━━━━━━━━━━━━━━━━━━━━━━━ 228.5/228.5 MB 11.5 MB/s eta 0:00:00
     ━━━━━━━━━━━━━━━━━━━━━━━━━━━━━━━━━━━━━━━━ 228.5/228.5 MB 11.5 MB/s eta 0:00:00
Collecting numpy (from torchvision)
Collecting numpy (from torchvision)
  Downloading https://download.pytorch.org/whl/numpy-1.26.3-cp312-cp312-win_amd64.whl (15.5 MB)
     ━━━━━━━━━━━━━━━━━━━━━━━━━━━━━━━━━━━━━━━━ 15.5/15.5 MB 17.2 MB/s eta 0:00:00
Collecting pillow!=8.3.*,>=5.3.0 (from torchvision)
  Downloading https://download.pytorch.org/whl/pillow-10.2.0-cp312-cp312-win_amd64.whl (2.6 MB)
  Downloading https://download.pytorch.org/whl/pillow-10.2.0-cp312-cp312-win_amd64.whl (2.6 MB)
     ━━━━━━━━━━━━━━━━━━━━━━━━━━━━━━━━━━━━━━━━ 2.6/2.6 MB 18.5 MB/s eta 0:00:00
Collecting intel-openmp==2021.* (from mkl<=2021.4.0,>=2021.1.1->torch)
  Downloading https://download.pytorch.org/whl/intel_openmp-2021.4.0-py2.py3-none-win_amd64.whl (3.5 MB)
     ━━━━━━━━━━━━━━━━━━━━━━━━━━━━━━━━━━━━━━━━ 3.5/3.5 MB 17.3 MB/s eta 0:00:00
Collecting tbb==2021.* (from mkl<=2021.4.0,>=2021.1.1->torch)
  Downloading https://download.pytorch.org/whl/tbb-2021.11.0-py3-none-win_amd64.whl (298 kB)
     ━━━━━━━━━━━━━━━━━━━━━━━━━━━━━━━━━━━━━━━━ 298.3/298.3 kB 9.3 MB/s eta 0:00:00
Collecting MarkupSafe>=2.0 (from jinja2->torch)
  Downloading https://download.pytorch.org/whl/MarkupSafe-2.1.5-cp312-cp312-win_amd64.whl (17 kB)
Collecting mpmath>=0.19 (from sympy->torch)
  Downloading https://download.pytorch.org/whl/mpmath-1.3.0-py3-none-any.whl (536 kB)
     ━━━━━━━━━━━━━━━━━━━━━━━━━━━━━━━━━━━━━━━━ 536.2/536.2 kB 16.4 MB/s eta 0:00:00
Installing collected packages: tbb, mpmath, intel-openmp, typing-extensions, sympy, pillow, numpy, networkx, mkl, MarkupSafe, fsspec, filelock, jinja2, torch, torchvision, torchaudio
Successfully installed MarkupSafe-2.1.5 filelock-3.13.1 fsspec-2024.2.0 intel-openmp-2021.4.0 jinja2-3.1.3 mkl-2021.4.0 mpmath-1.3.0 networkx-3.2.1 numpy-1.26.3 pillow-10.2.0 sympy-1.12 tbb-2021.11.0 torch-2.3.1+cu121 torchaudio-2.3.1+cu121 torchvision-0.18.1+cu121 typing-extensions-4.9.0

[notice] A new release of pip is available: 24.0 -> 24.1.2
[notice] To update, run: python.exe -m pip install --upgrade pip
PS C:\Users\yasht\Desktop\python\lisance plate detection> pip install easyocr
Collecting easyocr
  Downloading easyocr-1.7.1-py3-none-any.whl.metadata (11 kB)
Requirement already satisfied: torch in c:\users\yasht\appdata\local\programs\python\python312\lib\site-packages (from easyocr) (2.3.1+cu121)
Requirement already satisfied: torchvision>=0.5 in c:\users\yasht\appdata\local\programs\python\python312\lib\site-packages (from easyocr) (0.18.1+cu121)
Collecting opencv-python-headless (from easyocr)
  Downloading opencv_python_headless-4.10.0.84-cp37-abi3-win_amd64.whl.metadata (20 kB)
Collecting scipy (from easyocr)
  Downloading scipy-1.14.0-cp312-cp312-win_amd64.whl.metadata (60 kB)
     ━━━━━━━━━━━━━━━━━━━━━━━━━━━━━━━━━━━━━━━━ 60.8/60.8 kB 814.9 kB/s eta 0:00:00
Requirement already satisfied: numpy in c:\users\yasht\appdata\local\programs\python\python312\lib\site-packages (from easyocr) (1.26.3)
Requirement already satisfied: Pillow in c:\users\yasht\appdata\local\programs\python\python312\lib\site-packages (from easyocr) (10.2.0)
Collecting scikit-image (from easyocr)
  Downloading scikit_image-0.24.0-cp312-cp312-win_amd64.whl.metadata (14 kB)
Collecting python-bidi (from easyocr)
  Downloading python_bidi-0.4.2-py2.py3-none-any.whl.metadata (4.6 kB)
Collecting PyYAML (from easyocr)
  Downloading PyYAML-6.0.1-cp312-cp312-win_amd64.whl.metadata (2.1 kB)
Collecting Shapely (from easyocr)
  Downloading shapely-2.0.5-cp312-cp312-win_amd64.whl.metadata (7.2 kB)
Collecting pyclipper (from easyocr)
  Downloading pyclipper-1.3.0.post5-cp312-cp312-win_amd64.whl.metadata (9.2 kB)
Collecting ninja (from easyocr)
  Downloading ninja-1.11.1.1-py2.py3-none-win_amd64.whl.metadata (5.4 kB)
Requirement already satisfied: filelock in c:\users\yasht\appdata\local\programs\python\python312\lib\site-packages (from torch->easyocr) (3.13.1)
Requirement already satisfied: typing-extensions>=4.8.0 in c:\users\yasht\appdata\local\programs\python\python312\lib\site-packages (from torch->easyocr) (4.9.0)
Requirement already satisfied: sympy in c:\users\yasht\appdata\local\programs\python\python312\lib\site-packages (from torch->easyocr) (1.12)
Requirement already satisfied: networkx in c:\users\yasht\appdata\local\programs\python\python312\lib\site-packages (from torch->easyocr) (3.2.1)
Requirement already satisfied: jinja2 in c:\users\yasht\appdata\local\programs\python\python312\lib\site-packages (from torch->easyocr) (3.1.3)
Requirement already satisfied: fsspec in c:\users\yasht\appdata\local\programs\python\python312\lib\site-packages (from torch->easyocr) (2024.2.0)
Requirement already satisfied: mkl<=2021.4.0,>=2021.1.1 in c:\users\yasht\appdata\local\programs\python\python312\lib\site-packages (from torch->easyocr) (2021.4.0)  
Collecting six (from python-bidi->easyocr)
  Downloading six-1.16.0-py2.py3-none-any.whl.metadata (1.8 kB)
Collecting imageio>=2.33 (from scikit-image->easyocr)
  Downloading imageio-2.34.2-py3-none-any.whl.metadata (4.9 kB)
Collecting tifffile>=2022.8.12 (from scikit-image->easyocr)
  Downloading tifffile-2024.7.2-py3-none-any.whl.metadata (30 kB)
Collecting packaging>=21 (from scikit-image->easyocr)
  Downloading packaging-24.1-py3-none-any.whl.metadata (3.2 kB)
Collecting lazy-loader>=0.4 (from scikit-image->easyocr)
  Downloading lazy_loader-0.4-py3-none-any.whl.metadata (7.6 kB)
Requirement already satisfied: intel-openmp==2021.* in c:\users\yasht\appdata\local\programs\python\python312\lib\site-packages (from mkl<=2021.4.0,>=2021.1.1->torch->easyocr) (2021.4.0)
Requirement already satisfied: tbb==2021.* in c:\users\yasht\appdata\local\programs\python\python312\lib\site-packages (from mkl<=2021.4.0,>=2021.1.1->torch->easyocr) (2021.11.0)
Requirement already satisfied: MarkupSafe>=2.0 in c:\users\yasht\appdata\local\programs\python\python312\lib\site-packages (from jinja2->torch->easyocr) (2.1.5)
Requirement already satisfied: mpmath>=0.19 in c:\users\yasht\appdata\local\programs\python\python312\lib\site-packages (from sympy->torch->easyocr) (1.3.0)
Downloading easyocr-1.7.1-py3-none-any.whl (2.9 MB)
   ━━━━━━━━━━━━━━━━━━━━━━━━━━━━━━━━━━━━━━━━ 2.9/2.9 MB 7.6 MB/s eta 0:00:00
Downloading ninja-1.11.1.1-py2.py3-none-win_amd64.whl (312 kB)
   ━━━━━━━━━━━━━━━━━━━━━━━━━━━━━━━━━━━━━━━━ 313.0/313.0 kB 18.9 MB/s eta 0:00:00
Downloading opencv_python_headless-4.10.0.84-cp37-abi3-win_amd64.whl (38.8 MB)
   ━━━━━━━━━━━━━━━━━━━━━━━━━━━━━━━━━━━━━━━━ 38.8/38.8 MB 10.7 MB/s eta 0:00:00
Downloading pyclipper-1.3.0.post5-cp312-cp312-win_amd64.whl (108 kB)
   ━━━━━━━━━━━━━━━━━━━━━━━━━━━━━━━━━━━━━━━━ 108.2/108.2 kB 6.1 MB/s eta 0:00:00
Downloading python_bidi-0.4.2-py2.py3-none-any.whl (30 kB)
Downloading PyYAML-6.0.1-cp312-cp312-win_amd64.whl (138 kB)
   ━━━━━━━━━━━━━━━━━━━━━━━━━━━━━━━━━━━━━━━━ 138.7/138.7 kB 8.6 MB/s eta 0:00:00
Downloading scikit_image-0.24.0-cp312-cp312-win_amd64.whl (12.9 MB)
   ━━━━━━━━━━━━━━━━━━━━━━━━━━━━━━━━━━━━━━━━ 12.9/12.9 MB 12.8 MB/s eta 0:00:00
Downloading scipy-1.14.0-cp312-cp312-win_amd64.whl (44.5 MB)
   ━━━━━━━━━━━━━━━━━━━━━━━━━━━━━━━━━━━━━━━━ 44.5/44.5 MB 5.7 MB/s eta 0:00:00
Downloading shapely-2.0.5-cp312-cp312-win_amd64.whl (1.4 MB)
   ━━━━━━━━━━━━━━━━━━━━━━━━━━━━━━━━━━━━━━━━ 1.4/1.4 MB 7.1 MB/s eta 0:00:00
Downloading imageio-2.34.2-py3-none-any.whl (313 kB)
   ━━━━━━━━━━━━━━━━━━━━━━━━━━━━━━━━━━━━━━━━ 313.5/313.5 kB 6.5 MB/s eta 0:00:00
Downloading lazy_loader-0.4-py3-none-any.whl (12 kB)
Downloading packaging-24.1-py3-none-any.whl (53 kB)
   ━━━━━━━━━━━━━━━━━━━━━━━━━━━━━━━━━━━━━━━━ 54.0/54.0 kB 2.7 MB/s eta 0:00:00
Downloading tifffile-2024.7.2-py3-none-any.whl (225 kB)
   ━━━━━━━━━━━━━━━━━━━━━━━━━━━━━━━━━━━━━━━━ 225.9/225.9 kB 7.0 MB/s eta 0:00:00
Downloading six-1.16.0-py2.py3-none-any.whl (11 kB)
Installing collected packages: pyclipper, ninja, tifffile, six, Shapely, scipy, PyYAML, packaging, opencv-python-headless, imageio, python-bidi, lazy-loader, scikit-image, easyocr
Successfully installed PyYAML-6.0.1 Shapely-2.0.5 easyocr-1.7.1 imageio-2.34.2 lazy-loader-0.4 ninja-1.11.1.1 opencv-python-headless-4.10.0.84 packaging-24.1 pyclipper-1.3.0.post5 python-bidi-0.4.2 scikit-image-0.24.0 scipy-1.14.0 six-1.16.0 tifffile-2024.7.2

[notice] A new release of pip is available: 24.0 -> 24.1.2
[notice] To update, run: python.exe -m pip install --upgrade pip
PS C:\Users\yasht\Desktop\python\lisance plate detection> pip install imutils
Collecting imutils
  Downloading imutils-0.5.4.tar.gz (17 kB)
  Installing build dependencies ... done
  Getting requirements to build wheel ... done
  Preparing metadata (pyproject.toml) ... done
Building wheels for collected packages: imutils
  Building wheel for imutils (pyproject.toml) ... done
  Created wheel for imutils: filename=imutils-0.5.4-py3-none-any.whl size=25855 sha256=dbda6ed1d493e64ae78af79d1cb9474913f36e29c9688db64658a8e243f24a48
  Stored in directory: c:\users\yasht\appdata\local\pip\cache\wheels\5b\76\96\ad0c321506837bef578cf3008df3916c23018435a355d9f6b1
Successfully built imutils
Installing collected packages: imutils
Successfully installed imutils-0.5.4

[notice] A new release of pip is available: 24.0 -> 24.1.2
[notice] To update, run: python.exe -m pip install --upgrapython -m pip install -U pip
>> python -m pip install -U matplotlibce plate detection>
Requirement already satisfied: pip in c:\users\yasht\appdata\local\programs\python\python312\lib\site-packages (24.0)
Collecting pip
  Downloading pip-24.1.2-py3-none-any.whl.metadata (3.6 kB)
Downloading pip-24.1.2-py3-none-any.whl (1.8 MB)
   ━━━━━━━━━━━━━━━━━━━━━━━━━━━━━━━━━━━━━━━━ 1.8/1.8 MB 4.0 MB/s eta 0:00:00
Installing collected packages: pip
  Attempting uninstall: pip
    Found existing installation: pip 24.0
    Uninstalling pip-24.0:
      Successfully uninstalled pip-24.0
Successfully installed pip-24.1.2
Collecting matplotlib
  Downloading matplotlib-3.9.1-cp312-cp312-win_amd64.whl.metadata (11 kB)
Collecting contourpy>=1.0.1 (from matplotlib)
  Downloading contourpy-1.2.1-cp312-cp312-win_amd64.whl.metadata (5.8 kB)
Collecting cycler>=0.10 (from matplotlib)
  Downloading cycler-0.12.1-py3-none-any.whl.metadata (3.8 kB)
Collecting fonttools>=4.22.0 (from matplotlib)
  Downloading fonttools-4.53.1-cp312-cp312-win_amd64.whl.metadata (165 kB)
     ━━━━━━━━━━━━━━━━━━━━━━━━━━━━━━━━━━━━━━━━ 165.9/165.9 kB 1.4 MB/s eta 0:00:00
Collecting kiwisolver>=1.3.1 (from matplotlib)
  Downloading kiwisolver-1.4.5-cp312-cp312-win_amd64.whl.metadata (6.5 kB)
Requirement already satisfied: numpy>=1.23 in c:\users\yasht\appdata\local\programs\python\python312\lib\site-packages (from matplotlib) (1.26.3)
Requirement already satisfied: packaging>=20.0 in c:\users\yasht\appdata\local\programs\python\python312\lib\site-packages (from matplotlib) (24.1)
Requirement already satisfied: pillow>=8 in c:\users\yasht\appdata\local\programs\python\python312\lib\site-packages (from matplotlib) (10.2.0)
Collecting pyparsing>=2.3.1 (from matplotlib)
  Downloading pyparsing-3.1.2-py3-none-any.whl.metadata (5.1 kB)
Collecting python-dateutil>=2.7 (from matplotlib)
  Downloading python_dateutil-2.9.0.post0-py2.py3-none-any.whl.metadata (8.4 kB)
Requirement already satisfied: six>=1.5 in c:\users\yasht\appdata\local\programs\python\python312\lib\site-packages (from python-dateutil>=2.7->matplotlib) (1.16.0)  
Downloading matplotlib-3.9.1-cp312-cp312-win_amd64.whl (8.0 MB)
   ━━━━━━━━━━━━━━━━━━━━━━━━━━━━━━━━━━━━━━━━ 8.0/8.0 MB 8.2 MB/s eta 0:00:00
Downloading contourpy-1.2.1-cp312-cp312-win_amd64.whl (189 kB)
   ━━━━━━━━━━━━━━━━━━━━━━━━━━━━━━━━━━━━━━━━ 189.9/189.9 kB 5.8 MB/s eta 0:00:00
Downloading cycler-0.12.1-py3-none-any.whl (8.3 kB)
Downloading fonttools-4.53.1-cp312-cp312-win_amd64.whl (2.2 MB)
   ━━━━━━━━━━━━━━━━━━━━━━━━━━━━━━━━━━━━━━━━ 2.2/2.2 MB 14.0 MB/s eta 0:00:00
Downloading kiwisolver-1.4.5-cp312-cp312-win_amd64.whl (56 kB)
   ━━━━━━━━━━━━━━━━━━━━━━━━━━━━━━━━━━━━━━━━ 56.0/56.0 kB 2.9 MB/s eta 0:00:00
Downloading pyparsing-3.1.2-py3-none-any.whl (103 kB)
   ━━━━━━━━━━━━━━━━━━━━━━━━━━━━━━━━━━━━━━━━ 103.2/103.2 kB 5.8 MB/s eta 0:00:00
Downloading python_dateutil-2.9.0.post0-py2.py3-none-any.whl (229 kB)
   ━━━━━━━━━━━━━━━━━━━━━━━━━━━━━━━━━━━━━━━━ 229.9/229.9 kB 13.7 MB/s eta 0:00:00
Installing collected packages: python-dateutil, pyparsing, kiwisolver, fonttools, cycler, contourpy, matplotlib
Successfully installed contourpy-1.2.1 cycler-0.12.1 fonttools-4.53.1 kiwisolver-1.4.5 matplotlib-3.9.1 pyparsing-3.1.2 python-dateutil-2.9.0.post0
PS C:\Users\yasht\Desktop\python\lisance plate detection> pip install opencv-python matplotlib numpy imutils easyocr
Collecting opencv-python
  Downloading opencv_python-4.10.0.84-cp37-abi3-win_amd64.whl.metadata (20 kB)
Requirement already satisfied: matplotlib in c:\users\yasht\appdata\local\programs\python\python312\lib\site-packages (3.9.1)
Requirement already satisfied: numpy in c:\users\yasht\appdata\local\programs\python\python312\lib\site-packages (1.26.3)
Requirement already satisfied: imutils in c:\users\yasht\appdata\local\programs\python\python312\lib\site-packages (0.5.4)
Requirement already satisfied: easyocr in c:\users\yasht\appdata\local\programs\python\python312\lib\site-packages (1.7.1)
Requirement already satisfied: contourpy>=1.0.1 in c:\users\yasht\appdata\local\programs\python\python312\lib\site-packages (from matplotlib) (1.2.1)
Requirement already satisfied: cycler>=0.10 in c:\users\yasht\appdata\local\programs\python\python312\lib\site-packages (from matplotlib) (0.12.1)
Requirement already satisfied: fonttools>=4.22.0 in c:\users\yasht\appdata\local\programs\python\python312\lib\site-packages (from matplotlib) (4.53.1)
Requirement already satisfied: kiwisolver>=1.3.1 in c:\users\yasht\appdata\local\programs\python\python312\lib\site-packages (from matplotlib) (1.4.5)
Requirement already satisfied: packaging>=20.0 in c:\users\yasht\appdata\local\programs\python\python312\lib\site-packages (from matplotlib) (24.1)
Requirement already satisfied: pillow>=8 in c:\users\yasht\appdata\local\programs\python\python312\lib\site-packages (from matplotlib) (10.2.0)
Requirement already satisfied: pyparsing>=2.3.1 in c:\users\yasht\appdata\local\programs\python\python312\lib\site-packages (from matplotlib) (3.1.2)
Requirement already satisfied: python-dateutil>=2.7 in c:\users\yasht\appdata\local\programs\python\python312\lib\site-packages (from matplotlib) (2.9.0.post0)
Requirement already satisfied: torch in c:\users\yasht\appdata\local\programs\python\python312\lib\site-packages (from easyocr) (2.3.1+cu121)
Requirement already satisfied: torchvision>=0.5 in c:\users\yasht\appdata\local\programs\python\python312\lib\site-packages (from easyocr) (0.18.1+cu121)
Requirement already satisfied: opencv-python-headless in c:\users\yasht\appdata\local\programs\python\python312\lib\site-packages (from easyocr) (4.10.0.84)
Requirement already satisfied: scipy in c:\users\yasht\appdata\local\programs\python\python312\lib\site-packages (from easyocr) (1.14.0)
Requirement already satisfied: scikit-image in c:\users\yasht\appdata\local\programs\python\python312\lib\site-packages (from easyocr) (0.24.0)
Requirement already satisfied: python-bidi in c:\users\yasht\appdata\local\programs\python\python312\lib\site-packages (from easyocr) (0.4.2)
Requirement already satisfied: PyYAML in c:\users\yasht\appdata\local\programs\python\python312\lib\site-packages (from easyocr) (6.0.1)
Requirement already satisfied: Shapely in c:\users\yasht\appdata\local\programs\python\python312\lib\site-packages (from easyocr) (2.0.5)
Requirement already satisfied: pyclipper in c:\users\yasht\appdata\local\programs\python\python312\lib\site-packages (from easyocr) (1.3.0.post5)
Requirement already satisfied: ninja in c:\users\yasht\appdata\local\programs\python\python312\lib\site-packages (from easyocr) (1.11.1.1)
Requirement already satisfied: six>=1.5 in c:\users\yasht\appdata\local\programs\python\python312\lib\site-packages (from python-dateutil>=2.7->matplotlib) (1.16.0)
Requirement already satisfied: filelock in c:\users\yasht\appdata\local\programs\python\python312\lib\site-packages (from torch->easyocr) (3.13.1)
Requirement already satisfied: typing-extensions>=4.8.0 in c:\users\yasht\appdata\local\programs\python\python312\lib\site-packages (from torch->easyocr) (4.9.0)     
Requirement already satisfied: sympy in c:\users\yasht\appdata\local\programs\python\python312\lib\site-packages (from torch->easyocr) (1.12)
Requirement already satisfied: networkx in c:\users\yasht\appdata\local\programs\python\python312\lib\site-packages (from torch->easyocr) (3.2.1)
Requirement already satisfied: jinja2 in c:\users\yasht\appdata\local\programs\python\python312\lib\site-packages (from torch->easyocr) (3.1.3)
Requirement already satisfied: fsspec in c:\users\yasht\appdata\local\programs\python\python312\lib\site-packages (from torch->easyocr) (2024.2.0)
Requirement already satisfied: mkl<=2021.4.0,>=2021.1.1 in c:\users\yasht\appdata\local\programs\python\python312\lib\site-packages (from torch->easyocr) (2021.4.0)  
Requirement already satisfied: imageio>=2.33 in c:\users\yasht\appdata\local\programs\python\python312\lib\site-packages (from scikit-image->easyocr) (2.34.2)        
Requirement already satisfied: tifffile>=2022.8.12 in c:\users\yasht\appdata\local\programs\python\python312\lib\site-packages (from scikit-image->easyocr) (2024.7.2)
Requirement already satisfied: lazy-loader>=0.4 in c:\users\yasht\appdata\local\programs\python\python312\lib\site-packages (from scikit-image->easyocr) (0.4)        
Requirement already satisfied: intel-openmp==2021.* in c:\users\yasht\appdata\local\programs\python\python312\lib\site-packages (from mkl<=2021.4.0,>=2021.1.1->torch->easyocr) (2021.4.0)
Requirement already satisfied: tbb==2021.* in c:\users\yasht\appdata\local\programs\python\python312\lib\site-packages (from mkl<=2021.4.0,>=2021.1.1->torch->easyocr) (2021.11.0)
Requirement already satisfied: MarkupSafe>=2.0 in c:\users\yasht\appdata\local\programs\python\python312\lib\site-packages (from jinja2->torch->easyocr) (2.1.5)      
Requirement already satisfied: mpmath>=0.19 in c:\users\yasht\appdata\local\programs\python\python312\lib\site-packages (from sympy->torch->easyocr) (1.3.0)
Downloading opencv_python-4.10.0.84-cp37-abi3-win_amd64.whl (38.8 MB)
   ━━━━━━━━━━━━━━━━━━━━━━━━━━━━━━━━━━━━━━━━ 38.8/38.8 MB 29.7 MB/s eta 0:00:00
Installing collected packages: opencv-python
Successfully installed opencv-python-4.10.0.84
PS C:\Users\yasht\Desktop\python\lisance plate detection> %matplotlib inline
>> C:\Users\yasht\Desktop\python\lisance plate detection>
%matplotlib : The term '%matplotlib' is not recognized as the name of a cmdlet, function, script file, or operable program. Check the spelling of the name, or if a 
path was included, verify that the path is correct and try again.
At line:1 char:1
+ %matplotlib inline
+ ~~~~~~~~~~~
    + CategoryInfo          : ObjectNotFound: (%matplotlib:String) [], CommandNotFoundException
    + FullyQualifiedErrorId : CommandNotFoundException

PS C:\Users\yasht\Desktop\python\lisance plate detection> %matplotlib inline
>>
%matplotlib : The term '%matplotlib' is not recognized as the name of a cmdlet, function, script file, or operable program. Check the spelling of the name, or if a   
path was included, verify that the path is correct and try again.
At line:1 char:1
+ %matplotlib inline
+ ~~~~~~~~~~~
    + CategoryInfo          : ObjectNotFound: (%matplotlib:String) [], CommandNotFoundException
    + FullyQualifiedErrorId : CommandNotFoundException

PS C:\Users\yasht\Desktop\python\lisance plate detection> python.exe -m pip install --upgrade pip
Requirement already satisfied: pip in c:\users\yasht\appdata\local\programs\python\python312\lib\site-packages (24.1.2)
PS C:\Users\yasht\Desktop\python\lisance plate detection>
